// Jest Snapshot v1, https://goo.gl/fbAQLP

exports[`RHFTextInput should pass 1`] = `
<div>
  <form>
    <div
      class="mantine-Stack-root mantine-lfk3cq"
    >
      <div
        class="mantine-InputWrapper-root mantine-TextInput-root mantine-1m3pqry"
      >
        <label
          class="undefined mantine-InputWrapper-label mantine-TextInput-label mantine-ul5p4k"
          for="mantine-r0"
          id="mantine-r0-label"
        >
          InptText
        </label>
        <div
          class="undefined mantine-Input-wrapper mantine-TextInput-wrapper mantine-12sbrde"
        >
          <input
            aria-invalid="false"
            class="mantine-Input-input mantine-TextInput-input mantine-yko1sf"
            id="mantine-r0"
            name="inpt"
            type="text"
            value=""
          />
        </div>
      </div>
      <div
        class="mantine-InputWrapper-root mantine-Textarea-root mantine-1m3pqry"
      >
        <label
          class="undefined mantine-InputWrapper-label mantine-Textarea-label mantine-ul5p4k"
          for="mantine-r1"
          id="mantine-r1-label"
        >
          TextArea
        </label>
        <div
          class="mantine-Input-wrapper mantine-Textarea-wrapper mantine-12sbrde"
        >
          <textarea
            aria-invalid="false"
            class="mantine-Input-input mantine-Textarea-input mantine-12rr3iy"
            id="mantine-r1"
            name="textArea"
          />
        </div>
      </div>
      <div
        class="mantine-Switch-root mantine-15po0m8"
      >
        <div
          class="mantine-15e18iv mantine-Switch-body"
        >
          <input
            class="mantine-1buhfoz mantine-Switch-input"
            id="switch"
            name="switch"
            type="checkbox"
          />
          <label
            class="mantine-1pauhrz mantine-Switch-track"
            for="switch"
          >
            <div
              class="mantine-11dx59s mantine-Switch-thumb"
            />
            <div
              class="mantine-69c9zd mantine-Switch-trackLabel"
            />
          </label>
          <div
            class="mantine-1xy33qi mantine-Switch-labelWrapper"
          >
            <label
              class="mantine-1jc5t4g mantine-Switch-label"
              for="switch"
            >
              Switch
            </label>
          </div>
        </div>
      </div>
    </div>
  </form>
</div>
`;
